
> react-example@0.0.0 build
> vite build && esbuild server.ts --bundle --platform=node --format=cjs --packages=external --sourcemap --outfile=dist/server.cjs

vite v6.4.3 building for production...
transforming...
✓ 2935 modules transformed.
rendering chunks...
computing gzip size...
dist/index.html                              0.41 kB │ gzip:   0.28 kB
dist/assets/index-CBX0w3Do.css             128.83 kB │ gzip:  18.85 kB
dist/assets/purify.es-Csrj9YNg.js           28.14 kB │ gzip:  10.69 kB
dist/assets/index.es-KhFPxOkU.js           159.60 kB │ gzip:  53.51 kB
dist/assets/html2canvas.esm-QH1iLAAe.js    202.38 kB │ gzip:  48.04 kB
dist/assets/index-CLYrKncy.js            2,636.89 kB │ gzip: 624.44 kB

(!) Some chunks are larger than 500 kB after minification. Consider:
- Using dynamic import() to code-split the application
- Use build.rollupOptions.output.manualChunks to improve chunking: https://rollupjs.org/configuration-options/#output-manualchunks
- Adjust chunk size limit for this warning via build.chunkSizeWarningLimit.
✓ built in 15.03s

  dist/server.cjs      16.9kb
  dist/server.cjs.map  29.7kb

⚡ Done in 28ms
